BadTypeReference.java:14:9: compiler.err.illegal.ref.to.var.type
BadTypeReference.java:15:21: compiler.err.illegal.ref.to.var.type
2 errors
