DuplicateResourceDecl.java:12:56: compiler.err.already.defined: kindname.variable, c, kindname.method, meth()
1 error
